
grays@DESKTOP-A8DJD45 MINGW64 /f/LearnWithKrish
$ git commit -m "first commit to krish learning 27feb22"
fatal: not a git repository (or any of the parent directories): .git

grays@DESKTOP-A8DJD45 MINGW64 /f/LearnWithKrish
$ git remote add origin https://github.com/GrAYAtMeRzOOm/krish-training.git
fatal: not a git repository (or any of the parent directories): .git

grays@DESKTOP-A8DJD45 MINGW64 /f/LearnWithKrish
$ git init
Initialized empty Git repository in F:/LearnWithKrish/.git/

grays@DESKTOP-A8DJD45 MINGW64 /f/LearnWithKrish (master)
$ git commit -m "first commit to krish learning 27feb22"
On branch master

Initial commit

Untracked files:
  (use "git add <file>..." to include in what will be committed)
        Assgiment 1/
        vikis_problem/

nothing added to commit but untracked files present (use "git add" to track)

grays@DESKTOP-A8DJD45 MINGW64 /f/LearnWithKrish (master)
$ git add Assigment 1
fatal: pathspec 'Assigment' did not match any files

grays@DESKTOP-A8DJD45 MINGW64 /f/LearnWithKrish (master)
$ git add Assgiment 1
fatal: pathspec 'Assgiment' did not match any files

grays@DESKTOP-A8DJD45 MINGW64 /f/LearnWithKrish (master)
$ git add Assgiment 1/
fatal: pathspec 'Assgiment' did not match any files

grays@DESKTOP-A8DJD45 MINGW64 /f/LearnWithKrish (master)
$ git add Assgiment 1/*
fatal: pathspec 'Assgiment' did not match any files

grays@DESKTOP-A8DJD45 MINGW64 /f/LearnWithKrish (master)
$ git add Assgiment_1/*

grays@DESKTOP-A8DJD45 MINGW64 /f/LearnWithKrish (master)
$ git add  vikis_problem/*

grays@DESKTOP-A8DJD45 MINGW64 /f/LearnWithKrish (master)
$ git commit -m "first commit to krish learning 27feb22"
[master (root-commit) 757f86c] first commit to krish learning 27feb22
 12 files changed, 485 insertions(+)
 create mode 100644 Assgiment_1/A/A.class
 create mode 100644 Assgiment_1/A/A.java
 create mode 100644 Assgiment_1/B/B.class
 create mode 100644 Assgiment_1/B/B.java
 create mode 100644 Assgiment_1/C/Application.class
 create mode 100644 Assgiment_1/C/Application.java
 create mode 100644 Assgiment_1/Test.class
 create mode 100644 Assgiment_1/cmd_command_history.txt
 create mode 100644 Assgiment_1/test.java
 create mode 100644 vikis_problem/Application.class
 create mode 100644 vikis_problem/Application.java
 create mode 100644 vikis_problem/New Text Document.txt

grays@DESKTOP-A8DJD45 MINGW64 /f/LearnWithKrish (master)
$ git branch -M main

grays@DESKTOP-A8DJD45 MINGW64 /f/LearnWithKrish (main)
$ git remote add origin https://github.com/GrAYAtMeRzOOm/krish-training.git

grays@DESKTOP-A8DJD45 MINGW64 /f/LearnWithKrish (main)
$ git add DesignPatterns/src/main/java/com/gray/krish/dp/builder

grays@DESKTOP-A8DJD45 MINGW64 /f/LearnWithKrish (main)
$ git add DesignPatterns/src/main/java/com/gray/krish/dp/chainofresponsibilities

grays@DESKTOP-A8DJD45 MINGW64 /f/LearnWithKrish (main)
$ git add DesignPatterns/src/main/java/com/gray/krish/dp/prototype

grays@DESKTOP-A8DJD45 MINGW64 /f/LearnWithKrish (main)
$ git commit -m "9 commit to krish learning 16march22"
[main 5b318bf] 9 commit to krish learning 16march22
 14 files changed, 428 insertions(+)
 create mode 100644 DesignPatterns/src/main/java/com/gray/krish/dp/builder/Application.java
 create mode 100644 DesignPatterns/src/main/java/com/gray/krish/dp/builder/User.java
 create mode 100644 DesignPatterns/src/main/java/com/gray/krish/dp/chainofresponsibilities/Application.java
 create mode 100644 DesignPatterns/src/main/java/com/gray/krish/dp/chainofresponsibilities/Request.java
 create mode 100644 DesignPatterns/src/main/java/com/gray/krish/dp/chainofresponsibilities/filters/Filter1.java
 create mode 100644 DesignPatterns/src/main/java/com/gray/krish/dp/chainofresponsibilities/filters/Filter2.java
 create mode 100644 DesignPatterns/src/main/java/com/gray/krish/dp/chainofresponsibilities/filters/Filter3.java
 create mode 100644 DesignPatterns/src/main/java/com/gray/krish/dp/chainofresponsibilities/filters/Webfilter.java
 create mode 100644 DesignPatterns/src/main/java/com/gray/krish/dp/prototype/Application.java
 create mode 100644 DesignPatterns/src/main/java/com/gray/krish/dp/prototype/Cakes/ButterRibbonCake.java
 create mode 100644 DesignPatterns/src/main/java/com/gray/krish/dp/prototype/Cakes/Cake.java
 create mode 100644 DesignPatterns/src/main/java/com/gray/krish/dp/prototype/Cakes/CakeType.java
 create mode 100644 DesignPatterns/src/main/java/com/gray/krish/dp/prototype/Cakes/GateauCake.java
 create mode 100644 DesignPatterns/src/main/java/com/gray/krish/dp/prototype/Registry.java

grays@DESKTOP-A8DJD45 MINGW64 /f/LearnWithKrish (main)
$ git push -u origin main
Enumerating objects: 38, done.
Counting objects: 100% (38/38), done.
Delta compression using up to 8 threads
Compressing objects: 100% (23/23), done.
Writing objects: 100% (29/29), 5.55 KiB | 811.00 KiB/s, done.
Total 29 (delta 5), reused 0 (delta 0), pack-reused 0
remote: Resolving deltas: 100% (5/5), completed with 1 local object.
To https://github.com/GrAYAtMeRzOOm/krish-training.git
   489df0d..5b318bf  main -> main
Branch 'main' set up to track remote branch 'main' from 'origin'.

grays@DESKTOP-A8DJD45 MINGW64 /f/LearnWithKrish (main)
$




